 zlibwapi

 Timestamp is 568e9a06 (Fri Jan 08 01:01:58 2016)

 Preferred load address is 10000000

 Start         Length     Name                   Class
 0001:00000000 00022ec1H .text                   CODE
 0002:00000000 00000124H .idata$5                DATA
 0002:00000124 00000004H .CRT$XCA                DATA
 0002:00000128 00000004H .CRT$XCZ                DATA
 0002:0000012c 00000004H .CRT$XIA                DATA
 0002:00000130 00000010H .CRT$XIC                DATA
 0002:00000140 00000004H .CRT$XIZ                DATA
 0002:00000144 00000004H .CRT$XPA                DATA
 0002:00000148 00000004H .CRT$XPX                DATA
 0002:0000014c 00000004H .CRT$XPXA               DATA
 0002:00000150 00000004H .CRT$XPZ                DATA
 0002:00000154 00000004H .CRT$XTA                DATA
 0002:00000158 00000004H .CRT$XTZ                DATA
 0002:00000160 00005780H .rdata                  DATA
 0002:000058e0 00000004H .rtc$IAA                DATA
 0002:000058e4 00000004H .rtc$IZZ                DATA
 0002:000058e8 00000004H .rtc$TAA                DATA
 0002:000058ec 00000004H .rtc$TZZ                DATA
 0002:000058f0 000004fcH .xdata$x                DATA
 0002:00005dec 00000014H .idata$2                DATA
 0002:00005e00 00000014H .idata$3                DATA
 0002:00005e14 00000124H .idata$4                DATA
 0002:00005f38 00000522H .idata$6                DATA
 0002:00006460 00000c44H .edata                  DATA
 0003:00000000 000010e0H .data                   DATA
 0003:000010e0 00001bc8H .bss                    DATA
 0004:00000000 00000058H .rsrc$01                DATA
 0004:00000060 00000338H .rsrc$02                DATA

  Address         Publics by Value              Rva+Base       Lib:Object

 0000:00000000       ___safe_se_handler_count   00000000     <absolute>
 0000:00000000       __except_list              00000000     <absolute>
 0000:00000000       ___safe_se_handler_table   00000000     <absolute>
 0000:00000000       ___ImageBase               10000000     <linker-defined>
 0001:00000000       _adler32@12                10001000 f   adler32.obj
 0001:00000590       _adler32_combine@12        10001590 f   adler32.obj
 0001:000005b0       _compress2@20              100015b0 f   compress.obj
 0001:00000670       _compress@16               10001670 f   compress.obj
 0001:00000690       _compressBound@4           10001690 f   compress.obj
 0001:000006c0       _get_crc_table@0           100016c0 f   crc32.obj
 0001:000006d0       _crc32@12                  100016d0 f   crc32.obj
 0001:00001370       _crc32_combine@12          10002370 f   crc32.obj
 0001:00001390       _deflateInit_@16           10002390 f   deflate.obj
 0001:000013c0       _deflateInit2_@32          100023c0 f   deflate.obj
 0001:00001700       _deflateSetDictionary@12   10002700 f   deflate.obj
 0001:00001970       _deflateResetKeep@4        10002970 f   deflate.obj
 0001:00001a70       _deflateReset@4            10002a70 f   deflate.obj
 0001:00001aa0       _deflateSetHeader@8        10002aa0 f   deflate.obj
 0001:00001ae0       _deflatePending@12         10002ae0 f   deflate.obj
 0001:00001b30       _deflatePrime@12           10002b30 f   deflate.obj
 0001:00001c10       _deflateParams@12          10002c10 f   deflate.obj
 0001:00001d60       _deflateTune@20            10002d60 f   deflate.obj
 0001:00001dc0       _deflateBound@8            10002dc0 f   deflate.obj
 0001:00002050       _deflate@8                 10003050 f   deflate.obj
 0001:00002f20       _deflateEnd@4              10003f20 f   deflate.obj
 0001:00003060       _deflateCopy@8             10004060 f   deflate.obj
 0001:00005050       _gzclose@4                 10006050 f   gzclose.obj
 0001:00005550       _gzopen@8                  10006550 f   gzlib.obj
 0001:00005570       _gzdopen@8                 10006570 f   gzlib.obj
 0001:000055e0       _gzopen_w@8                100065e0 f   gzlib.obj
 0001:00005600       _gzbuffer@8                10006600 f   gzlib.obj
 0001:00005660       _gzrewind@4                10006660 f   gzlib.obj
 0001:000056e0       _gzseek64@16               100066e0 f   gzlib.obj
 0001:000059c0       _gzseek@12                 100069c0 f   gzlib.obj
 0001:00005a20       _gztell64@4                10006a20 f   gzlib.obj
 0001:00005aa0       _gztell@4                  10006aa0 f   gzlib.obj
 0001:00005af0       _gzoffset64@4              10006af0 f   gzlib.obj
 0001:00005b90       _gzoffset@4                10006b90 f   gzlib.obj
 0001:00005be0       _gzeof@4                   10006be0 f   gzlib.obj
 0001:00005c40       _gzerror@8                 10006c40 f   gzlib.obj
 0001:00005cc0       _gzclearerr@4              10006cc0 f   gzlib.obj
 0001:00005d30       _gz_error                  10006d30 f   gzlib.obj
 0001:00006500       _gzread@12                 10007500 f   gzread.obj
 0001:00006720       _gzgetc@4                  10007720 f   gzread.obj
 0001:000067e0       _gzgetc_@4                 100077e0 f   gzread.obj
 0001:000067f0       _gzungetc@8                100077f0 f   gzread.obj
 0001:000069b0       _gzgets@12                 100079b0 f   gzread.obj
 0001:00006b60       _gzdirect@4                10007b60 f   gzread.obj
 0001:00006bb0       _gzclose_r@4               10007bb0 f   gzread.obj
 0001:000070c0       _gzwrite@12                100080c0 f   gzwrite.obj
 0001:000072c0       _gzputc@8                  100082c0 f   gzwrite.obj
 0001:000073e0       _gzputs@8                  100083e0 f   gzwrite.obj
 0001:00007430       _gzvprintf                 10008430 f   gzwrite.obj
 0001:00007580       _gzprintf                  10008580 f   gzwrite.obj
 0001:000075c0       _gzflush@8                 100085c0 f   gzwrite.obj
 0001:00007660       _gzsetparams@12            10008660 f   gzwrite.obj
 0001:00007750       _gzclose_w@4               10008750 f   gzwrite.obj
 0001:00007870       _inflateBackInit_@20       10008870 f   infback.obj
 0001:000079b0       _inflateBack@20            100089b0 f   infback.obj
 0001:00008d50       _inflateBackEnd@4          10009d50 f   infback.obj
 0001:00008da0       _inflateResetKeep@4        10009da0 f   inflate.obj
 0001:00008ea0       _inflateReset@4            10009ea0 f   inflate.obj
 0001:00008ef0       _inflateReset2@8           10009ef0 f   inflate.obj
 0001:00008fc0       _inflateInit2_@16          10009fc0 f   inflate.obj
 0001:000090c0       _inflateInit_@12           1000a0c0 f   inflate.obj
 0001:000090e0       _inflatePrime@12           1000a0e0 f   inflate.obj
 0001:00009340       _inflate@8                 1000a340 f   inflate.obj
 0001:0000b370       _inflateEnd@4              1000c370 f   inflate.obj
 0001:0000b3f0       _inflateGetDictionary@12   1000c3f0 f   inflate.obj
 0001:0000b490       _inflateSetDictionary@12   1000c490 f   inflate.obj
 0001:0000b550       _inflateGetHeader@8        1000c550 f   inflate.obj
 0001:0000b630       _inflateSync@4             1000c630 f   inflate.obj
 0001:0000b7c0       _inflateSyncPoint@4        1000c7c0 f   inflate.obj
 0001:0000b810       _inflateCopy@8             1000c810 f   inflate.obj
 0001:0000b9e0       _inflateUndermine@8        1000c9e0 f   inflate.obj
 0001:0000ba30       _inflateMark@4             1000ca30 f   inflate.obj
 0001:0000bab0       _inflate_table             1000cab0 f   inftrees.obj
 0001:0000c0a0       _call_zopen64              1000d0a0 f   ioapi.obj
 0001:0000c0f0       _call_zseek64              1000d0f0 f   ioapi.obj
 0001:0000c170       _call_ztell64              1000d170 f   ioapi.obj
 0001:0000c1d0       _fill_zlib_filefunc64_32_def_from_filefunc32 1000d1d0 f   ioapi.obj
 0001:0000c420       _fill_fopen64_filefunc     1000d420 f   ioapi.obj
 0001:0000c570       _win32_open64_file_funcA   1000d570 f   iowin32.obj
 0001:0000c570       _win32_open_file_func      1000d570 f   iowin32.obj
 0001:0000c570       _win32_open64_file_func    1000d570 f   iowin32.obj
 0001:0000c5e0       _win32_open64_file_funcW   1000d5e0 f   iowin32.obj
 0001:0000c650       _win32_read_file_func      1000d650 f   iowin32.obj
 0001:0000c6c0       _win32_write_file_func     1000d6c0 f   iowin32.obj
 0001:0000c7a0       _win32_tell_file_func      1000d7a0 f   iowin32.obj
 0001:0000c820       _win32_tell64_file_func    1000d820 f   iowin32.obj
 0001:0000c8c0       _win32_seek_file_func      1000d8c0 f   iowin32.obj
 0001:0000c980       _win32_seek64_file_func    1000d980 f   iowin32.obj
 0001:0000ca40       _win32_close_file_func     1000da40 f   iowin32.obj
 0001:0000ca90       _win32_error_file_func     1000da90 f   iowin32.obj
 0001:0000cac0       _fill_win32_filefunc       1000dac0 f   iowin32.obj
 0001:0000cb20       _fill_win32_filefunc64A    1000db20 f   iowin32.obj
 0001:0000cb20       _fill_win32_filefunc64     1000db20 f   iowin32.obj
 0001:0000cb80       _fill_win32_filefunc64W    1000db80 f   iowin32.obj
 0001:0000cbf0       __tr_init                  1000dbf0 f   trees.obj
 0001:0000e820       __tr_stored_block          1000f820 f   trees.obj
 0001:0000e960       __tr_flush_bits            1000f960 f   trees.obj
 0001:0000e980       __tr_align                 1000f980 f   trees.obj
 0001:0000ebd0       __tr_flush_block           1000fbd0 f   trees.obj
 0001:0000fb30       _uncompress@16             10010b30 f   uncompr.obj
 0001:00010040       _unzStringFileNameCompare@12 10011040 f   unzip.obj
 0001:00010bf0       _unzOpen2@8                10011bf0 f   unzip.obj
 0001:00010c40       _unzOpen2_64@8             10011c40 f   unzip.obj
 0001:00010ca0       _unzOpen@4                 10011ca0 f   unzip.obj
 0001:00010cc0       _unzOpen64@4               10011cc0 f   unzip.obj
 0001:00010ce0       _unzClose@4                10011ce0 f   unzip.obj
 0001:00010d40       _unzGetGlobalInfo64@8      10011d40 f   unzip.obj
 0001:00010d80       _unzGetGlobalInfo@8        10011d80 f   unzip.obj
 0001:00011580       _unzGetCurrentFileInfo64@32 10012580 f   unzip.obj
 0001:000115c0       _unzGetCurrentFileInfo@32  100125c0 f   unzip.obj
 0001:000116c0       _unzGoToFirstFile@4        100126c0 f   unzip.obj
 0001:00011750       _unzGoToNextFile@4         10012750 f   unzip.obj
 0001:00011880       _unzLocateFile@12          10012880 f   unzip.obj
 0001:000119e0       _unzGetFilePos64@8         100129e0 f   unzip.obj
 0001:00011a50       _unzGetFilePos@8           10012a50 f   unzip.obj
 0001:00011a90       _unzGoToFilePos64@8        10012a90 f   unzip.obj
 0001:00011b20       _unzGoToFilePos@8          10012b20 f   unzip.obj
 0001:00011ec0       _unzOpenCurrentFile3@20    10012ec0 f   unzip.obj
 0001:00012230       _unzOpenCurrentFile@4      10013230 f   unzip.obj
 0001:00012250       _unzOpenCurrentFilePassword@8 10013250 f   unzip.obj
 0001:00012270       _unzOpenCurrentFile2@16    10013270 f   unzip.obj
 0001:00012290       _unzGetCurrentFileZStreamPos64@4 10013290 f   unzip.obj
 0001:000122f0       _unzReadCurrentFile@12     100132f0 f   unzip.obj
 0001:000127c0       _unztell@4                 100137c0 f   unzip.obj
 0001:00012800       _unztell64@4               10013800 f   unzip.obj
 0001:00012850       _unzeof@4                  10013850 f   unzip.obj
 0001:000128b0       _unzGetLocalExtrafield@12  100138b0 f   unzip.obj
 0001:000129c0       _unzCloseCurrentFile@4     100139c0 f   unzip.obj
 0001:00012aa0       _unzGetGlobalComment@12    10013aa0 f   unzip.obj
 0001:00013890       _LoadCentralDirectoryRecord 10014890 f   zip.obj
 0001:00013f00       _zipOpen3@16               10014f00 f   zip.obj
 0001:000140c0       _zipOpen2@16               100150c0 f   zip.obj
 0001:00014110       _zipOpen2_64@16            10015110 f   zip.obj
 0001:00014170       _zipOpen64@8               10015170 f   zip.obj
 0001:00014170       _zipOpen@8                 10015170 f   zip.obj
 0001:00014190       _Write_LocalFileHeader     10015190 f   zip.obj
 0001:00014520       _zipOpenNewFileInZip4_64@76 10015520 f   zip.obj
 0001:00014c70       _zipOpenNewFileInZip3@64   10015c70 f   zip.obj
 0001:00014cd0       _zipOpenNewFileInZip3_64@68 10015cd0 f   zip.obj
 0001:00014d30       _zipOpenNewFileInZip2@44   10015d30 f   zip.obj
 0001:00014d80       _zipOpenNewFileInZip2_64@48 10015d80 f   zip.obj
 0001:00014dd0       _zipOpenNewFileInZip64@44  10015dd0 f   zip.obj
 0001:00014e20       _zipOpenNewFileInZip@40    10015e20 f   zip.obj
 0001:00014fc0       _zipWriteInFileInZip@12    10015fc0 f   zip.obj
 0001:000151c0       _zipCloseFileInZipRaw@12   100161c0 f   zip.obj
 0001:000151e0       _zipCloseFileInZipRaw64@16 100161e0 f   zip.obj
 0001:000158f0       _zipCloseFileInZip@4       100168f0 f   zip.obj
 0001:00015910       _Write_Zip64EndOfCentralDirectoryLocator 10016910 f   zip.obj
 0001:000159d0       _Write_Zip64EndOfCentralDirectoryRecord 100169d0 f   zip.obj
 0001:00015b80       _Write_EndOfCentralDirectoryRecord 10016b80 f   zip.obj
 0001:00015d70       _Write_GlobalComment       10016d70 f   zip.obj
 0001:00015e00       _zipClose@8                10016e00 f   zip.obj
 0001:00016020       _zlibVersion@0             10017020 f   zutil.obj
 0001:00016030       _zlibCompileFlags@0        10017030 f   zutil.obj
 0001:00016160       _zError@4                  10017160 f   zutil.obj
 0001:00016180       _zcalloc                   10017180 f   zutil.obj
 0001:000161b0       _zcfree                    100171b0 f   zutil.obj
 0001:000161c4       _longest_match             100171c4 f   match686.obj
 0001:000163ac       _match_init                100173ac f   match686.obj
 0001:000164b0       _inflate_fast              100174b0 f   inffas32.obj
 0001:00016b50       _memcpy                    10017b50 f   LIBCMT:memcpy.obj
 0001:00016ec0       _memset                    10017ec0 f   LIBCMT:memset.obj
 0001:00016f3a       __lseeki64_nolock          10017f3a f   LIBCMT:lseeki64.obj
 0001:00016fbf       __lseeki64                 10017fbf f   LIBCMT:lseeki64.obj
 0001:000177f8       __wopen                    100187f8 f   LIBCMT:wopen.obj
 0001:000178ae       _free                      100188ae f   LIBCMT:free.obj
 0001:0001793c       _V6_HeapAlloc              1001893c f   LIBCMT:malloc.obj
 0001:0001798b       _malloc                    1001898b f   LIBCMT:malloc.obj
 0001:00017a60       _strlen                    10018a60 f   LIBCMT:strlen.obj
 0001:00017aeb       __snprintf                 10018aeb f   LIBCMT:snprintf.obj
 0001:00017b9a       ??0_LocaleUpdate@@QAE@PAUlocaleinfo_struct@@@Z 10018b9a f i LIBCMT:wcstombs.obj
 0001:00017c21       __wcstombs_l_helper        10018c21 f   LIBCMT:wcstombs.obj
 0001:00017e63       _wcstombs                  10018e63 f   LIBCMT:wcstombs.obj
 0001:00017e7d       __get_sys_err_msg          10018e7d f i LIBCMT:strerror.obj
 0001:00017ea5       _strerror                  10018ea5 f   LIBCMT:strerror.obj
 0001:00017f20       _memchr                    10018f20 f   LIBCMT:memchr.obj
 0001:00017fcd       __get_errno_from_oserr     10018fcd f   LIBCMT:dosmap.obj
 0001:0001800f       __errno                    1001900f f   LIBCMT:dosmap.obj
 0001:00018022       ___doserrno                10019022 f   LIBCMT:dosmap.obj
 0001:00018035       __dosmaperr                10019035 f   LIBCMT:dosmap.obj
 0001:00018058       __ftelli64_nolock          10019058 f   LIBCMT:ftelli64.obj
 0001:000183a4       __ftelli64                 100193a4 f   LIBCMT:ftelli64.obj
 0001:000183ee       __fseeki64_nolock          100193ee f   LIBCMT:fseeki64.obj
 0001:0001848a       __fseeki64                 1001948a f   LIBCMT:fseeki64.obj
 0001:000184d9       __fsopen                   100194d9 f   LIBCMT:fopen.obj
 0001:0001859d       _fopen                     1001959d f   LIBCMT:fopen.obj
 0001:000185b4       __fread_nolock_s           100195b4 f   LIBCMT:fread.obj
 0001:000187be       _fread_s                   100197be f   LIBCMT:fread.obj
 0001:00018854       _fread                     10019854 f   LIBCMT:fread.obj
 0001:00018871       _ferror                    10019871 f   LIBCMT:feoferr.obj
 0001:000188a5       __fwrite_nolock            100198a5 f   LIBCMT:fwrite.obj
 0001:00018a07       _fwrite                    10019a07 f   LIBCMT:fwrite.obj
 0001:00018a89       __fclose_nolock            10019a89 f   LIBCMT:fclose.obj
 0001:00018b00       _fclose                    10019b00 f   LIBCMT:fclose.obj
 0001:00018b80       _strcmp                    10019b80 f   LIBCMT:strcmp.obj
 0001:00018c08       _srand                     10019c08 f   LIBCMT:rand.obj
 0001:00018c1a       _rand                      10019c1a f   LIBCMT:rand.obj
 0001:00018c3c       __time64                   10019c3c f   LIBCMT:time64.obj
 0001:00018c8d       __CRT_INIT@12              10019c8d f   LIBCMT:dllcrt0.obj
 0001:00018eb8       __DllMainCRTStartup@12     10019eb8 f   LIBCMT:dllcrt0.obj
 0001:00018f62       __VEC_memcpy               10019f62 f   LIBCMT:p4_memcpy.obj
 0001:00019095       __get_sse2_info            1001a095 f   LIBCMT:cpu_disp.obj
 0001:000190f7       ___sse2_available_init     1001a0f7 f   LIBCMT:cpu_disp.obj
 0001:0001915b       __VEC_memzero              1001a15b f   LIBCMT:p4_memset.obj
 0001:000191ea       __ioinit                   1001a1ea f   LIBCMT:ioinit.obj
 0001:0001943e       __ioterm                   1001a43e f   LIBCMT:ioinit.obj
 0001:0001948c       __set_osfhnd               1001a48c f   LIBCMT:osfinfo.obj
 0001:0001950d       __free_osfhnd              1001a50d f   LIBCMT:osfinfo.obj
 0001:00019593       __get_osfhandle            1001a593 f   LIBCMT:osfinfo.obj
 0001:0001960a       ___lock_fhandle            1001a60a f   LIBCMT:osfinfo.obj
 0001:000196aa       __unlock_fhandle           1001a6aa f   LIBCMT:osfinfo.obj
 0001:000196d1       __alloc_osfhnd             1001a6d1 f   LIBCMT:osfinfo.obj
 0001:0001986b       __initp_misc_invarg        1001a86b f   LIBCMT:invarg.obj
 0001:0001987a       __invoke_watson            1001a87a f   LIBCMT:invarg.obj
 0001:000199a2       __invalid_parameter        1001a9a2 f   LIBCMT:invarg.obj
 0001:000199c8       __SEH_prolog4              1001a9c8 f   LIBCMT:sehprolg4.obj
 0001:00019a0d       __SEH_epilog4              1001aa0d f   LIBCMT:sehprolg4.obj
 0001:00019a30       __except_handler4          1001aa30 f   LIBCMT:chandler4.obj
 0001:00019bbc       __write_nolock             1001abbc f   LIBCMT:write.obj
 0001:0001a2ef       __write                    1001b2ef f   LIBCMT:write.obj
 0001:0001a2ef       _write                     1001b2ef f   LIBCMT:write.obj
 0001:0001a3cb       __chsize_nolock            1001b3cb f   LIBCMT:chsize.obj
 0001:0001a581       __read_nolock              1001b581 f   LIBCMT:read.obj
 0001:0001ab43       _read                      1001bb43 f   LIBCMT:read.obj
 0001:0001ab43       __read                     1001bb43 f   LIBCMT:read.obj
 0001:0001ac40       __close_nolock             1001bc40 f   LIBCMT:close.obj
 0001:0001acdc       _close                     1001bcdc f   LIBCMT:close.obj
 0001:0001acdc       __close                    1001bcdc f   LIBCMT:close.obj
 0001:0001ada9       __lseek_nolock             1001bda9 f   LIBCMT:lseek.obj
 0001:0001ae1e       __crt_waiting_on_module_handle 1001be1e f   LIBCMT:crt0dat.obj
 0001:0001ae4e       __amsg_exit                1001be4e f   LIBCMT:crt0dat.obj
 0001:0001ae77       ___crtCorExitProcess       1001be77 f   LIBCMT:crt0dat.obj
 0001:0001aea2       ___crtExitProcess          1001bea2 f   LIBCMT:crt0dat.obj
 0001:0001aeba       __lockexit                 1001beba f   LIBCMT:crt0dat.obj
 0001:0001aec3       __unlockexit               1001bec3 f   LIBCMT:crt0dat.obj
 0001:0001aee9       __initterm_e               1001bee9 f   LIBCMT:crt0dat.obj
 0001:0001af0d       __cinit                    1001bf0d f   LIBCMT:crt0dat.obj
 0001:0001b0be       __exit                     1001c0be f   LIBCMT:crt0dat.obj
 0001:0001b0d4       __cexit                    1001c0d4 f   LIBCMT:crt0dat.obj
 0001:0001b0e3       __init_pointers            1001c0e3 f   LIBCMT:crt0dat.obj
 0001:0001b131       __setmode_nolock           1001c131 f   LIBCMT:setmode.obj
 0001:0001b1ed       __get_fmode                1001c1ed f   LIBCMT:setmode.obj
 0001:0001b226       __heap_init                1001c226 f   LIBCMT:heapinit.obj
 0001:0001b256       __heap_term                1001c256 f   LIBCMT:heapinit.obj
 0001:0001b2ca       __mtinitlocks              1001c2ca f   LIBCMT:mlock.obj
 0001:0001b315       __mtdeletelocks            1001c315 f   LIBCMT:mlock.obj
 0001:0001b36c       __unlock                   1001c36c f   LIBCMT:mlock.obj
 0001:0001b383       __mtinitlocknum            1001c383 f   LIBCMT:mlock.obj
 0001:0001b446       __lock                     1001c446 f   LIBCMT:mlock.obj
 0001:0001b479       ___sbh_find_block          1001c479 f   LIBCMT:sbheap.obj
 0001:0001b4a9       ___sbh_free_block          1001c4a9 f   LIBCMT:sbheap.obj
 0001:0001b7bf       ___sbh_alloc_new_region    1001c7bf f   LIBCMT:sbheap.obj
 0001:0001b86f       ___sbh_alloc_new_group     1001c86f f   LIBCMT:sbheap.obj
 0001:0001b977       ___sbh_resize_block        1001c977 f   LIBCMT:sbheap.obj
 0001:0001bc58       ___sbh_alloc_block         1001cc58 f   LIBCMT:sbheap.obj
 0001:0001bf3d       __NMSG_WRITE               1001cf3d f   LIBCMT:crt0msg.obj
 0001:0001c0e8       __FF_MSGBANNER             1001d0e8 f   LIBCMT:crt0msg.obj
 0001:0001c121       __initp_heap_handler       1001d121 f   LIBCMT:handler.obj
 0001:0001c130       __callnewh                 1001d130 f   LIBCMT:handler.obj
 0001:0001c158       __flsbuf                   1001d158 f   LIBCMT:_flsbuf.obj
 0001:0001c362       __output_l                 1001d362 f   LIBCMT:output.obj
 0001:0001cefa       __vsnprintf_l              1001defa f   LIBCMT:vsnprint.obj
 0001:0001cfad       _vsnprintf                 1001dfad f   LIBCMT:vsnprint.obj
 0001:0001cfad       __vsnprintf                1001dfad f   LIBCMT:vsnprint.obj
 0001:0001d1f0       ___updatetmbcinfo          1001e1f0 f   LIBCMT:mbctype.obj
 0001:0001d310       __setmbcp_nolock           1001e310 f   LIBCMT:mbctype.obj
 0001:0001d4f5       __setmbcp                  1001e4f5 f   LIBCMT:mbctype.obj
 0001:0001d68f       ___initmbctable            1001e68f f   LIBCMT:mbctype.obj
 0001:0001d6ad       ___freetlocinfo            1001e6ad f   LIBCMT:setlocal.obj
 0001:0001d7f6       ___addlocaleref            1001e7f6 f   LIBCMT:setlocal.obj
 0001:0001d885       ___removelocaleref         1001e885 f   LIBCMT:setlocal.obj
 0001:0001d95c       ___updatetlocinfo          1001e95c f   LIBCMT:setlocal.obj
 0001:0001d9d2       __encode_pointer           1001e9d2 f   LIBCMT:tidtable.obj
 0001:0001da44       __encoded_null             1001ea44 f   LIBCMT:tidtable.obj
 0001:0001da4d       __decode_pointer           1001ea4d f   LIBCMT:tidtable.obj
 0001:0001dabf       ___crtTlsAlloc@4           1001eabf f   LIBCMT:tidtable.obj
 0001:0001dac8       ___set_flsgetvalue         1001eac8 f   LIBCMT:tidtable.obj
 0001:0001dafc       __mtterm                   1001eafc f   LIBCMT:tidtable.obj
 0001:0001db39       __initptd                  1001eb39 f   LIBCMT:tidtable.obj
 0001:0001dc20       __getptd_noexit            1001ec20 f   LIBCMT:tidtable.obj
 0001:0001dc99       __getptd                   1001ec99 f   LIBCMT:tidtable.obj
 0001:0001dcb3       __freefls@4                1001ecb3 f   LIBCMT:tidtable.obj
 0001:0001dde2       __freeptd                  1001ede2 f   LIBCMT:tidtable.obj
 0001:0001de50       __mtinit                   1001ee50 f   LIBCMT:tidtable.obj
 0001:0001dfdd       _wcslen                    1001efdd f   LIBCMT:wcslen.obj
 0001:0001dff7       @__security_check_cookie@4 1001eff7 f   LIBCMT:secchk.obj
 0001:0001e006       ___sys_nerr                1001f006 f   LIBCMT:syserr.obj
 0001:0001e00c       ___sys_errlist             1001f00c f   LIBCMT:syserr.obj
 0001:0001e012       _strcpy_s                  1001f012 f   LIBCMT:strcpy_s.obj
 0001:0001e07a       __malloc_crt               1001f07a f   LIBCMT:crtheap.obj
 0001:0001e0bf       __calloc_crt               1001f0bf f   LIBCMT:crtheap.obj
 0001:0001e10b       __realloc_crt              1001f10b f   LIBCMT:crtheap.obj
 0001:0001e159       _strncpy_s                 1001f159 f   LIBCMT:strncpy_s.obj
 0001:0001e20e       __fileno                   1001f20e f   LIBCMT:fileno.obj
 0001:0001e240       __chkstk                   1001f240 f   LIBCMT:chkstk.obj
 0001:0001e240       __alloca_probe             1001f240     LIBCMT:chkstk.obj
 0001:0001e26b       ___iob_func                1001f26b f   LIBCMT:_file.obj
 0001:0001e271       ___initstdio               1001f271 f   LIBCMT:_file.obj
 0001:0001e322       ___endstdio                1001f322 f   LIBCMT:_file.obj
 0001:0001e342       __lock_file                1001f342 f   LIBCMT:_file.obj
 0001:0001e383       __lock_file2               1001f383 f   LIBCMT:_file.obj
 0001:0001e3b5       __unlock_file              1001f3b5 f   LIBCMT:_file.obj
 0001:0001e3f1       __unlock_file2             1001f3f1 f   LIBCMT:_file.obj
 0001:0001e420       __flush                    1001f420 f   LIBCMT:fflush.obj
 0001:0001e488       __fflush_nolock            1001f488 f   LIBCMT:fflush.obj
 0001:0001e5aa       __flushall                 1001f5aa f   LIBCMT:fflush.obj
 0001:0001e5b3       __openfile                 1001f5b3 f   LIBCMT:_open.obj
 0001:0001e87c       __getstream                1001f87c f   LIBCMT:stream.obj
 0001:0001e9b4       __local_unwind4            1001f9b4 f   LIBCMT:exsup4.obj
 0001:0001ea8a       __seh_longjmp_unwind4@4    1001fa8a f   LIBCMT:exsup4.obj
 0001:0001eaa6       @_EH4_CallFilterFunc@8     1001faa6 f   LIBCMT:exsup4.obj
 0001:0001eabd       @_EH4_TransferToHandler@8  1001fabd f   LIBCMT:exsup4.obj
 0001:0001ead6       @_EH4_GlobalUnwind@4       1001fad6 f   LIBCMT:exsup4.obj
 0001:0001eaf0       @_EH4_LocalUnwind@16       1001faf0 f   LIBCMT:exsup4.obj
 0001:0001eb07       __filbuf                   1001fb07 f   LIBCMT:_filbuf.obj
 0001:0001ec32       _memcpy_s                  1001fc32 f   LIBCMT:memcpy_s.obj
 0001:0001ecaf       __freebuf                  1001fcaf f   LIBCMT:_freebuf.obj
 0001:0001ece0       __aulldiv                  1001fce0 f   LIBCMT:ulldiv.obj
 0001:0001ed48       __setenvp                  1001fd48 f   LIBCMT:stdenvp.obj
 0001:0001efc0       __setargv                  1001ffc0 f   LIBCMT:stdargv.obj
 0001:0001f07b       ___crtGetEnvironmentStringsA 1002007b f   LIBCMT:a_env.obj
 0001:0001f1b2       __RTC_Initialize           100201b2 f   LIBCMT:_initsect_.obj
 0001:0001f1d8       __RTC_Terminate            100201d8 f   LIBCMT:_initsect_.obj
 0001:0001f1fe       __initp_misc_winxfltr      100201fe f   LIBCMT:winxfltr.obj
 0001:0001f1ff       __XcptFilter               100201ff f   LIBCMT:winxfltr.obj
 0001:0001f35f       ___CppXcptFilter           1002035f f   LIBCMT:winxfltr.obj
 0001:0001f37f       _DllMain@12                1002037f f   LIBCMT:dllmain.obj
 0001:0001f385       ___security_init_cookie    10020385 f   LIBCMT:gs_support.obj
 0001:0001f41b       __initp_misc_initcrit      1002041b f   LIBCMT:initcrit.obj
 0001:0001f42a       ___crtInitCritSecAndSpinCount 1002042a f   LIBCMT:initcrit.obj
 0001:0001f48a       __crt_debugger_hook        1002048a f   LIBCMT:dbghook.obj
 0001:0001f4a0       __ValidateImageBase        100204a0 f   LIBCMT:pesect.obj
 0001:0001f4e0       __FindPESection            100204e0 f   LIBCMT:pesect.obj
 0001:0001f530       __IsNonwritableInCurrentImage 10020530 f   LIBCMT:pesect.obj
 0001:0001f5ed       __putwch_nolock            100205ed f   LIBCMT:putwch.obj
 0001:0001f6b2       __mbtowc_l                 100206b2 f   LIBCMT:mbtowc.obj
 0001:0001f7c9       _mbtowc                    100207c9 f   LIBCMT:mbtowc.obj
 0001:0001f7e3       __isleadbyte_l             100207e3 f i LIBCMT:_wctype.obj
 0001:0001f81b       _isleadbyte                1002081b f i LIBCMT:_wctype.obj
 0001:0001f82e       __isatty                   1002082e f   LIBCMT:isatty.obj
 0001:0001f94c       ___onexitinit              1002094c f   LIBCMT:onexit.obj
 0001:0001f97d       __onexit                   1002097d f   LIBCMT:onexit.obj
 0001:0001f9b9       _atexit                    100209b9 f   LIBCMT:onexit.obj
 0001:0001f9d0       __initp_misc_cfltcvt_tab   100209d0 f   LIBCMT:cmiscdat.obj
 0001:0001f9f1       ?terminate@@YAXXZ          100209f1 f   LIBCMT:hooks.obj
 0001:0001fa2a       __initp_eh_hooks           10020a2a f   LIBCMT:hooks.obj
 0001:0001fa3b       __initp_misc_winsig        10020a3b f   LIBCMT:winsig.obj
 0001:0001fa90       ___get_sigabrt             10020a90 f   LIBCMT:winsig.obj
 0001:0001fa9d       _raise                     10020a9d f   LIBCMT:winsig.obj
 0001:0001fc4d       __initp_misc_rand_s        10020c4d f   LIBCMT:rand_s.obj
 0001:0001fc5c       __initp_misc_purevirt      10020c5c f   LIBCMT:inithelp.obj
 0001:0001fc70       _memmove                   10020c70 f   LIBCMT:memmove.obj
 0001:0001ffd5       ___crtMessageBoxA          10020fd5 f   LIBCMT:crtmbox.obj
 0001:0002013e       _strcat_s                  1002113e f   LIBCMT:strcat_s.obj
 0001:000201b2       __set_error_mode           100211b2 f   LIBCMT:errmode.obj
 0001:000201fd       __getbuf                   100211fd f   LIBCMT:_getbuf.obj
 0001:00020246       __get_printf_count_output  10021246 f   LIBCMT:printf.obj
 0001:0002025c       __wctomb_s_l               1002125c f   LIBCMT:wctomb.obj
 0001:000203c8       _wctomb_s                  100213c8 f   LIBCMT:wctomb.obj
 0001:000203f0       __aulldvrm                 100213f0 f   LIBCMT:ulldvrm.obj
 0001:00020485       __freea                    10021485 f i LIBCMT:a_map.obj
 0001:0002084a       ___crtLCMapStringA         1002184a f   LIBCMT:a_map.obj
 0001:00020a49       ___crtGetStringTypeA       10021a49 f   LIBCMT:a_str.obj
 0001:00020a8b       ___free_lc_time            10021a8b f   LIBCMT:inittime.obj
 0001:00020c20       ___free_lconv_num          10021c20 f   LIBCMT:initnum.obj
 0001:00020c65       ___free_lconv_mon          10021c65 f   LIBCMT:initmon.obj
 0001:00020d00       _strcspn                   10021d00 f   LIBCMT:strcspn.obj
 0001:00020d46       _strncmp                   10021d46 f   LIBCMT:strncmp.obj
 0001:00020e10       _strpbrk                   10021e10 f   LIBCMT:strpbrk.obj
 0001:00020e50       ___report_gsfailure        10021e50 f   LIBCMT:gs_report.obj
 0001:00020f56       __calloc_impl              10021f56 f   LIBCMT:calloc_impl.obj
 0001:00021074       _realloc                   10022074 f   LIBCMT:realloc.obj
 0001:0002128f       __fcloseall                1002228f f   LIBCMT:closeall.obj
 0001:0002132e       __commit                   1002232e f   LIBCMT:commit.obj
 0001:00021b2e       _open                      10022b2e f   LIBCMT:open.obj
 0001:00021b2e       __open                     10022b2e f   LIBCMT:open.obj
 0001:00021be4       __sopen_helper             10022be4 f   LIBCMT:open.obj
 0001:00021cb0       __sopen_s                  10022cb0 f   LIBCMT:open.obj
 0001:00021cd0       __mbsnbicmp_l              10022cd0 f   LIBCMT:mbsnbicm.obj
 0001:00021efb       __mbsnbicmp                10022efb f   LIBCMT:mbsnbicm.obj
 0001:00021f15       __mbsnbcmp_l               10022f15 f   LIBCMT:mbsnbcmp.obj
 0001:0002207f       __mbsnbcmp                 1002307f f   LIBCMT:mbsnbcmp.obj
 0001:0002209c       __global_unwind2           1002309c f   LIBCMT:exsup.obj
 0001:00022101       __local_unwind2            10023101 f   LIBCMT:exsup.obj
 0001:00022185       __abnormal_termination     10023185 f   LIBCMT:exsup.obj
 0001:000221a8       __NLG_Notify1              100231a8 f   LIBCMT:exsup.obj
 0001:000221b1       __NLG_Notify               100231b1 f   LIBCMT:exsup.obj
 0001:000221c8       __NLG_Dispatch             100231c8     LIBCMT:exsup.obj
 0001:000221c8       __NLG_Dispatch2            100231c8     LIBCMT:exsup.obj
 0001:000221d0       __NLG_Call                 100231d0 f   LIBCMT:exsup.obj
 0001:000221d2       __NLG_Return2              100231d2     LIBCMT:exsup.obj
 0001:00022226       __ismbblead                10023226 f   LIBCMT:ismbbyte.obj
 0001:0002223e       ___initconout              1002323e f   LIBCMT:initcon.obj
 0001:0002225d       ___termcon                 1002325d f   LIBCMT:initcon.obj
 0001:0002228a       __msize                    1002328a f   LIBCMT:msize.obj
 0001:0002232d       __fptrap                   1002332d f   LIBCMT:crt0fp.obj
 0001:00022336       _abort                     10023336 f   LIBCMT:abort.obj
 0001:0002244d       ___ansicp                  1002344d f   LIBCMT:convrtcp.obj
 0001:00022496       ___convertcp               10023496 f   LIBCMT:convrtcp.obj
 0001:00022650       __alloca_probe_16          10023650 f   LIBCMT:alloca16.obj
 0001:00022666       __alloca_probe_8           10023666     LIBCMT:alloca16.obj
 0001:0002267c       _atol                      1002367c f   LIBCMT:atox.obj
 0001:00022692       __strnicmp_l               10023692 f   LIBCMT:strnicmp.obj
 0001:00022784       __strnicmp                 10023784 f   LIBCMT:strnicmp.obj
 0001:000227e2       __isctype_l                100237e2 f   LIBCMT:isctype.obj
 0001:0002289a       __tolower_l                1002389a f   LIBCMT:tolower.obj
 0001:00022bde       _strtol                    10023bde f   LIBCMT:strtol.obj
 0001:00022c10       ___ascii_strnicmp          10023c10 f   LIBCMT:_strnicm.obj
 0001:00022c80       __allmul                   10023c80 f   LIBCMT:llmul.obj
 0001:00022cd0       _strchr                    10023cd0 f   LIBCMT:strchr.obj
 0001:00022cd6       ___from_strstr_to_strchr   10023cd6     LIBCMT:strchr.obj
 0001:00022d8e       _RtlUnwind@16              10023d8e f   kernel32:KERNEL32.dll
 0001:00022da0       __aullshr                  10023da0 f   LIBCMT:ullshr.obj
 0001:00022dc0       __allrem                   10023dc0 f   LIBCMT:llrem.obj
 0001:00022e80       __allshl                   10023e80 f   LIBCMT:llshl.obj
 0001:00022ea0       __allshr                   10023ea0 f   LIBCMT:llshr.obj
 0002:00000000       __imp__CreateFileA@28      10024000     kernel32:KERNEL32.dll
 0002:00000004       __imp__SetFilePointer@16   10024004     kernel32:KERNEL32.dll
 0002:00000008       __imp__WriteFile@20        10024008     kernel32:KERNEL32.dll
 0002:0000000c       __imp__ReadFile@20         1002400c     kernel32:KERNEL32.dll
 0002:00000010       __imp__CreateFileW@28      10024010     kernel32:KERNEL32.dll
 0002:00000014       __imp__GetLastError@0      10024014     kernel32:KERNEL32.dll
 0002:00000018       __imp__CloseHandle@4       10024018     kernel32:KERNEL32.dll
 0002:0000001c       __imp__GetFileType@4       1002401c     kernel32:KERNEL32.dll
 0002:00000020       __imp__HeapFree@12         10024020     kernel32:KERNEL32.dll
 0002:00000024       __imp__HeapAlloc@12        10024024     kernel32:KERNEL32.dll
 0002:00000028       __imp__WideCharToMultiByte@32 10024028     kernel32:KERNEL32.dll
 0002:0000002c       __imp__GetSystemTimeAsFileTime@4 1002402c     kernel32:KERNEL32.dll
 0002:00000030       __imp__GetCurrentThreadId@0 10024030     kernel32:KERNEL32.dll
 0002:00000034       __imp__GetCommandLineA@0   10024034     kernel32:KERNEL32.dll
 0002:00000038       __imp__SetHandleCount@4    10024038     kernel32:KERNEL32.dll
 0002:0000003c       __imp__GetStdHandle@4      1002403c     kernel32:KERNEL32.dll
 0002:00000040       __imp__GetStartupInfoA@4   10024040     kernel32:KERNEL32.dll
 0002:00000044       __imp__DeleteCriticalSection@4 10024044     kernel32:KERNEL32.dll
 0002:00000048       __imp__SetStdHandle@8      10024048     kernel32:KERNEL32.dll
 0002:0000004c       __imp__EnterCriticalSection@4 1002404c     kernel32:KERNEL32.dll
 0002:00000050       __imp__LeaveCriticalSection@4 10024050     kernel32:KERNEL32.dll
 0002:00000054       __imp__TerminateProcess@8  10024054     kernel32:KERNEL32.dll
 0002:00000058       __imp__GetCurrentProcess@0 10024058     kernel32:KERNEL32.dll
 0002:0000005c       __imp__UnhandledExceptionFilter@4 1002405c     kernel32:KERNEL32.dll
 0002:00000060       __imp__SetUnhandledExceptionFilter@4 10024060     kernel32:KERNEL32.dll
 0002:00000064       __imp__IsDebuggerPresent@0 10024064     kernel32:KERNEL32.dll
 0002:00000068       __imp__GetConsoleCP@0      10024068     kernel32:KERNEL32.dll
 0002:0000006c       __imp__GetConsoleMode@8    1002406c     kernel32:KERNEL32.dll
 0002:00000070       __imp__SetEndOfFile@4      10024070     kernel32:KERNEL32.dll
 0002:00000074       __imp__GetProcessHeap@0    10024074     kernel32:KERNEL32.dll
 0002:00000078       __imp__MultiByteToWideChar@24 10024078     kernel32:KERNEL32.dll
 0002:0000007c       __imp__GetModuleHandleW@4  1002407c     kernel32:KERNEL32.dll
 0002:00000080       __imp__Sleep@4             10024080     kernel32:KERNEL32.dll
 0002:00000084       __imp__GetProcAddress@8    10024084     kernel32:KERNEL32.dll
 0002:00000088       __imp__ExitProcess@4       10024088     kernel32:KERNEL32.dll
 0002:0000008c       __imp__HeapCreate@12       1002408c     kernel32:KERNEL32.dll
 0002:00000090       __imp__HeapDestroy@4       10024090     kernel32:KERNEL32.dll
 0002:00000094       __imp__VirtualFree@12      10024094     kernel32:KERNEL32.dll
 0002:00000098       __imp__VirtualAlloc@16     10024098     kernel32:KERNEL32.dll
 0002:0000009c       __imp__HeapReAlloc@16      1002409c     kernel32:KERNEL32.dll
 0002:000000a0       __imp__GetModuleFileNameA@12 100240a0     kernel32:KERNEL32.dll
 0002:000000a4       __imp__GetCPInfo@8         100240a4     kernel32:KERNEL32.dll
 0002:000000a8       __imp__InterlockedIncrement@4 100240a8     kernel32:KERNEL32.dll
 0002:000000ac       __imp__InterlockedDecrement@4 100240ac     kernel32:KERNEL32.dll
 0002:000000b0       __imp__GetACP@0            100240b0     kernel32:KERNEL32.dll
 0002:000000b4       __imp__GetOEMCP@0          100240b4     kernel32:KERNEL32.dll
 0002:000000b8       __imp__IsValidCodePage@4   100240b8     kernel32:KERNEL32.dll
 0002:000000bc       __imp__TlsGetValue@4       100240bc     kernel32:KERNEL32.dll
 0002:000000c0       __imp__TlsAlloc@0          100240c0     kernel32:KERNEL32.dll
 0002:000000c4       __imp__TlsSetValue@8       100240c4     kernel32:KERNEL32.dll
 0002:000000c8       __imp__TlsFree@4           100240c8     kernel32:KERNEL32.dll
 0002:000000cc       __imp__SetLastError@4      100240cc     kernel32:KERNEL32.dll
 0002:000000d0       __imp__RtlUnwind@16        100240d0     kernel32:KERNEL32.dll
 0002:000000d4       __imp__FreeEnvironmentStringsA@4 100240d4     kernel32:KERNEL32.dll
 0002:000000d8       __imp__GetEnvironmentStrings@0 100240d8     kernel32:KERNEL32.dll
 0002:000000dc       __imp__FreeEnvironmentStringsW@4 100240dc     kernel32:KERNEL32.dll
 0002:000000e0       __imp__GetEnvironmentStringsW@0 100240e0     kernel32:KERNEL32.dll
 0002:000000e4       __imp__QueryPerformanceCounter@4 100240e4     kernel32:KERNEL32.dll
 0002:000000e8       __imp__GetTickCount@0      100240e8     kernel32:KERNEL32.dll
 0002:000000ec       __imp__GetCurrentProcessId@0 100240ec     kernel32:KERNEL32.dll
 0002:000000f0       __imp__InitializeCriticalSectionAndSpinCount@8 100240f0     kernel32:KERNEL32.dll
 0002:000000f4       __imp__WriteConsoleA@20    100240f4     kernel32:KERNEL32.dll
 0002:000000f8       __imp__GetConsoleOutputCP@0 100240f8     kernel32:KERNEL32.dll
 0002:000000fc       __imp__WriteConsoleW@20    100240fc     kernel32:KERNEL32.dll
 0002:00000100       __imp__LoadLibraryA@4      10024100     kernel32:KERNEL32.dll
 0002:00000104       __imp__LCMapStringA@24     10024104     kernel32:KERNEL32.dll
 0002:00000108       __imp__LCMapStringW@24     10024108     kernel32:KERNEL32.dll
 0002:0000010c       __imp__GetStringTypeA@20   1002410c     kernel32:KERNEL32.dll
 0002:00000110       __imp__GetStringTypeW@16   10024110     kernel32:KERNEL32.dll
 0002:00000114       __imp__GetLocaleInfoA@16   10024114     kernel32:KERNEL32.dll
 0002:00000118       __imp__FlushFileBuffers@4  10024118     kernel32:KERNEL32.dll
 0002:0000011c       __imp__HeapSize@12         1002411c     kernel32:KERNEL32.dll
 0002:00000120       \177KERNEL32_NULL_THUNK_DATA 10024120     kernel32:KERNEL32.dll
 0002:00000124       ___xc_a                    10024124     LIBCMT:crt0init.obj
 0002:00000128       ___xc_z                    10024128     LIBCMT:crt0init.obj
 0002:0000012c       ___xi_a                    1002412c     LIBCMT:crt0init.obj
 0002:00000140       ___xi_z                    10024140     LIBCMT:crt0init.obj
 0002:00000144       ___xp_a                    10024144     LIBCMT:crt0init.obj
 0002:00000150       ___xp_z                    10024150     LIBCMT:crt0init.obj
 0002:00000154       ___xt_a                    10024154     LIBCMT:crt0init.obj
 0002:00000158       ___xt_z                    10024158     LIBCMT:crt0init.obj
 0002:00000160       ??_C@_0EA@FCLIIPNN@Visual?5C?$CL?$CL?5CRT?3?5Not?5enough?5memor@ 10024160     LIBCMT:strerror.obj
 0002:000001a0       __pDefaultRawDllMain       100241a0     LIBCMT:dllcrt0.obj
 0002:000001a0       __pRawDllMain              100241a0     LIBCMT:dllcrt0.obj
 0002:000001a4       ??_C@_0P@MIGLKIOC@CorExitProcess?$AA@ 100241a4     LIBCMT:crt0dat.obj
 0002:000001b4       ??_C@_1BI@BGOHAHKC@?$AAm?$AAs?$AAc?$AAo?$AAr?$AAe?$AAe?$AA?4?$AAd?$AAl?$AAl?$AA?$AA@ 100241b4     LIBCMT:crt0dat.obj
 0002:000001cc       ??_C@_0P@GGKDKEEG@runtime?5error?5?$AA@ 100241cc     LIBCMT:crt0msg.obj
 0002:000001dc       ??_C@_02PCIJFNDE@?$AN?6?$AA@ 100241dc     LIBCMT:crt0msg.obj
 0002:000001e0       ??_C@_0O@MJNIPGOH@TLOSS?5error?$AN?6?$AA@ 100241e0     LIBCMT:crt0msg.obj
 0002:000001f0       ??_C@_0N@BONNPDHF@SING?5error?$AN?6?$AA@ 100241f0     LIBCMT:crt0msg.obj
 0002:00000200       ??_C@_0P@MBDAJNE@DOMAIN?5error?$AN?6?$AA@ 10024200     LIBCMT:crt0msg.obj
 0002:00000210       ??_C@_0JL@DFDOOABL@R6034?$AN?6An?5application?5has?5made?5a@ 10024210     LIBCMT:crt0msg.obj
 0002:000002b0       ??_C@_0PH@EPAFIJ@R6033?$AN?6?9?5Attempt?5to?5use?5MSIL?5cod@ 100242b0     LIBCMT:crt0msg.obj
 0002:000003a8       ??_C@_0DD@BKEEABMM@R6032?$AN?6?9?5not?5enough?5space?5for?5lo@ 100243a8     LIBCMT:crt0msg.obj
 0002:000003e0       ??_C@_0GD@OFKILIED@R6031?$AN?6?9?5Attempt?5to?5initialize?5t@ 100243e0     LIBCMT:crt0msg.obj
 0002:00000444       ??_C@_0BP@LPMHJOKI@R6030?$AN?6?9?5CRT?5not?5initialized?$AN?6?$AA@ 10024444     LIBCMT:crt0msg.obj
 0002:00000464       ??_C@_0CF@KJDAIALP@R6028?$AN?6?9?5unable?5to?5initialize?5he@ 10024464     LIBCMT:crt0msg.obj
 0002:0000048c       ??_C@_0DF@GAKBPDFP@R6027?$AN?6?9?5not?5enough?5space?5for?5lo@ 1002448c     LIBCMT:crt0msg.obj
 0002:000004c4       ??_C@_0DF@IBLNNAIG@R6026?$AN?6?9?5not?5enough?5space?5for?5st@ 100244c4     LIBCMT:crt0msg.obj
 0002:000004fc       ??_C@_0CG@IOHKGFNJ@R6025?$AN?6?9?5pure?5virtual?5function?5c@ 100244fc     LIBCMT:crt0msg.obj
 0002:00000524       ??_C@_0DF@JIJJFJDC@R6024?$AN?6?9?5not?5enough?5space?5for?5_o@ 10024524     LIBCMT:crt0msg.obj
 0002:0000055c       ??_C@_0CJ@EGEJHFME@R6019?$AN?6?9?5unable?5to?5open?5console?5@ 1002455c     LIBCMT:crt0msg.obj
 0002:00000588       ??_C@_0CB@GNHNIELH@R6018?$AN?6?9?5unexpected?5heap?5error?$AN?6@ 10024588     LIBCMT:crt0msg.obj
 0002:000005ac       ??_C@_0CN@FOLDKNG@R6017?$AN?6?9?5unexpected?5multithread?5@ 100245ac     LIBCMT:crt0msg.obj
 0002:000005dc       ??_C@_0CM@FAHFJNHO@R6016?$AN?6?9?5not?5enough?5space?5for?5th@ 100245dc     LIBCMT:crt0msg.obj
 0002:00000608       ??_C@_0JG@LBKMGKLD@?$AN?6This?5application?5has?5requested@ 10024608     LIBCMT:crt0msg.obj
 0002:000006a0       ??_C@_0CM@FLCNIPKK@R6009?$AN?6?9?5not?5enough?5space?5for?5en@ 100246a0     LIBCMT:crt0msg.obj
 0002:000006cc       ??_C@_0CK@KMMJOAPP@R6008?$AN?6?9?5not?5enough?5space?5for?5ar@ 100246cc     LIBCMT:crt0msg.obj
 0002:000006f8       ??_C@_0CN@LEKKICBM@R6002?$AN?6?9?5floating?5point?5support?5@ 100246f8     LIBCMT:crt0msg.obj
 0002:00000728       ??_C@_0CF@GOGNBNAK@Microsoft?5Visual?5C?$CL?$CL?5Runtime?5Lib@ 10024728     LIBCMT:crt0msg.obj
 0002:00000750       ??_C@_02PHMGELLB@?6?6?$AA@ 10024750     LIBCMT:crt0msg.obj
 0002:00000754       ??_C@_03KHICJKCI@?4?4?4?$AA@ 10024754     LIBCMT:crt0msg.obj
 0002:00000758       ??_C@_0BH@DNAGHKFM@?$DMprogram?5name?5unknown?$DO?$AA@ 10024758     LIBCMT:crt0msg.obj
 0002:00000770       ??_C@_0BK@OFGJDLJJ@Runtime?5Error?$CB?6?6Program?3?5?$AA@ 10024770     LIBCMT:crt0msg.obj
 0002:0000078c       ??_C@_1O@CEDCILHN@?$AA?$CI?$AAn?$AAu?$AAl?$AAl?$AA?$CJ?$AA?$AA@ 1002478c     LIBCMT:output.obj
 0002:0000079c       ??_C@_06OJHGLDPL@?$CInull?$CJ?$AA@ 1002479c     LIBCMT:output.obj
 0002:000007a8       ___lookuptable             100247a8     LIBCMT:output.obj
 0002:00000888       ??_C@_0O@NLDKAIKN@EncodePointer?$AA@ 10024888     LIBCMT:tidtable.obj
 0002:00000898       ??_C@_1BK@DBDEIDLH@?$AAK?$AAE?$AAR?$AAN?$AAE?$AAL?$AA3?$AA2?$AA?4?$AAD?$AAL?$AAL?$AA?$AA@ 10024898     LIBCMT:tidtable.obj
 0002:000008b4       ??_C@_0O@KBPMFGHI@DecodePointer?$AA@ 100248b4     LIBCMT:tidtable.obj
 0002:000008c4       ??_C@_07PEJMOBNF@FlsFree?$AA@ 100248c4     LIBCMT:tidtable.obj
 0002:000008cc       ??_C@_0M@JCPCPOEF@FlsSetValue?$AA@ 100248cc     LIBCMT:tidtable.obj
 0002:000008d8       ??_C@_0M@GDNOONDI@FlsGetValue?$AA@ 100248d8     LIBCMT:tidtable.obj
 0002:000008e4       ??_C@_08KNHFBNJ@FlsAlloc?$AA@ 100248e4     LIBCMT:tidtable.obj
 0002:000008f0       ??_C@_0BG@KLEAJEFJ@Illegal?5byte?5sequence?$AA@ 100248f0     LIBCMT:syserr.obj
 0002:00000908       ??_C@_0BE@ICMCHPHH@Directory?5not?5empty?$AA@ 10024908     LIBCMT:syserr.obj
 0002:0000091c       ??_C@_0BJ@IHEHINLI@Function?5not?5implemented?$AA@ 1002491c     LIBCMT:syserr.obj
 0002:00000938       ??_C@_0BD@CLHBCGPB@No?5locks?5available?$AA@ 10024938     LIBCMT:syserr.obj
 0002:0000094c       ??_C@_0BC@BEDIHIDK@Filename?5too?5long?$AA@ 1002494c     LIBCMT:syserr.obj
 0002:00000960       ??_C@_0BK@JAEBMJJM@Resource?5deadlock?5avoided?$AA@ 10024960     LIBCMT:syserr.obj
 0002:0000097c       ??_C@_0BB@FCBJFCAJ@Result?5too?5large?$AA@ 1002497c     LIBCMT:syserr.obj
 0002:00000990       ??_C@_0N@MMJPGLJK@Domain?5error?$AA@ 10024990     LIBCMT:syserr.obj
 0002:000009a0       ??_C@_0M@LHEPIIOM@Broken?5pipe?$AA@ 100249a0     LIBCMT:syserr.obj
 0002:000009ac       ??_C@_0P@PKCJJLLM@Too?5many?5links?$AA@ 100249ac     LIBCMT:syserr.obj
 0002:000009bc       ??_C@_0BG@DDBFNKBH@Read?9only?5file?5system?$AA@ 100249bc     LIBCMT:syserr.obj
 0002:000009d4       ??_C@_0N@FEHLOILP@Invalid?5seek?$AA@ 100249d4     LIBCMT:syserr.obj
 0002:000009e4       ??_C@_0BI@FEALHKLD@No?5space?5left?5on?5device?$AA@ 100249e4     LIBCMT:syserr.obj
 0002:000009fc       ??_C@_0P@LFMMIPAE@File?5too?5large?$AA@ 100249fc     LIBCMT:syserr.obj
 0002:00000a0c       ??_C@_0CE@ONOKNLPF@Inappropriate?5I?1O?5control?5operat@ 10024a0c     LIBCMT:syserr.obj
 0002:00000a30       ??_C@_0BE@INBJMKGG@Too?5many?5open?5files?$AA@ 10024a30     LIBCMT:syserr.obj
 0002:00000a44       ??_C@_0BO@IIFBODJE@Too?5many?5open?5files?5in?5system?$AA@ 10024a44     LIBCMT:syserr.obj
 0002:00000a64       ??_C@_0BB@HMGGCEBG@Invalid?5argument?$AA@ 10024a64     LIBCMT:syserr.obj
 0002:00000a78       ??_C@_0P@NDHGCGKE@Is?5a?5directory?$AA@ 10024a78     LIBCMT:syserr.obj
 0002:00000a88       ??_C@_0BA@CJBACOOL@Not?5a?5directory?$AA@ 10024a88     LIBCMT:syserr.obj
 0002:00000a98       ??_C@_0P@NLEIANHE@No?5such?5device?$AA@ 10024a98     LIBCMT:syserr.obj
 0002:00000aa8       ??_C@_0O@OAMDNOCP@Improper?5link?$AA@ 10024aa8     LIBCMT:syserr.obj
 0002:00000ab8       ??_C@_0M@NAAJNNGH@File?5exists?$AA@ 10024ab8     LIBCMT:syserr.obj
 0002:00000ac4       ??_C@_0BA@BIBLIOEK@Resource?5device?$AA@ 10024ac4     LIBCMT:syserr.obj
 0002:00000ad4       ??_C@_0O@NIPGCINC@Unknown?5error?$AA@ 10024ad4     LIBCMT:syserr.obj
 0002:00000ae4       ??_C@_0M@LOEHLCJD@Bad?5address?$AA@ 10024ae4     LIBCMT:syserr.obj
 0002:00000af0       ??_C@_0BC@HFNFNKAI@Permission?5denied?$AA@ 10024af0     LIBCMT:syserr.obj
 0002:00000b04       ??_C@_0BB@IMDKMPFB@Not?5enough?5space?$AA@ 10024b04     LIBCMT:syserr.obj
 0002:00000b18       ??_C@_0CB@EPFKGNAK@Resource?5temporarily?5unavailable@ 10024b18     LIBCMT:syserr.obj
 0002:00000b3c       ??_C@_0BD@LOHELEP@No?5child?5processes?$AA@ 10024b3c     LIBCMT:syserr.obj
 0002:00000b50       ??_C@_0BE@NFGDDCEF@Bad?5file?5descriptor?$AA@ 10024b50     LIBCMT:syserr.obj
 0002:00000b64       ??_C@_0BC@HKPNECK@Exec?5format?5error?$AA@ 10024b64     LIBCMT:syserr.obj
 0002:00000b78       ??_C@_0BC@MFFGCDFL@Arg?5list?5too?5long?$AA@ 10024b78     LIBCMT:syserr.obj
 0002:00000b8c       ??_C@_0BK@DPKMCKJ@No?5such?5device?5or?5address?$AA@ 10024b8c     LIBCMT:syserr.obj
 0002:00000ba8       ??_C@_0BD@KKNFOBBD@Input?1output?5error?$AA@ 10024ba8     LIBCMT:syserr.obj
 0002:00000bbc       ??_C@_0BK@FJBOAFDK@Interrupted?5function?5call?$AA@ 10024bbc     LIBCMT:syserr.obj
 0002:00000bd8       ??_C@_0BA@FKIAIBGA@No?5such?5process?$AA@ 10024bd8     LIBCMT:syserr.obj
 0002:00000be8       ??_C@_0BK@FMDHKPNF@No?5such?5file?5or?5directory?$AA@ 10024be8     LIBCMT:syserr.obj
 0002:00000c04       ??_C@_0BI@BJFCGOHL@Operation?5not?5permitted?$AA@ 10024c04     LIBCMT:syserr.obj
 0002:00000c1c       ??_C@_08INEPGKHH@No?5error?$AA@ 10024c1c     LIBCMT:syserr.obj
 0002:00000c48       __XcptActTab               10024c48     LIBCMT:winxfltr.obj
 0002:00000cc0       ??_C@_0BI@DFKBFLJE@GetProcessWindowStation?$AA@ 10024cc0     LIBCMT:crtmbox.obj
 0002:00000cd8       ??_C@_0BK@CIDNPOGP@GetUserObjectInformationA?$AA@ 10024cd8     LIBCMT:crtmbox.obj
 0002:00000cf4       ??_C@_0BD@HHGDFDBJ@GetLastActivePopup?$AA@ 10024cf4     LIBCMT:crtmbox.obj
 0002:00000d08       ??_C@_0BA@HNOPNCHB@GetActiveWindow?$AA@ 10024d08     LIBCMT:crtmbox.obj
 0002:00000d18       ??_C@_0M@CHKKJDAI@MessageBoxA?$AA@ 10024d18     LIBCMT:crtmbox.obj
 0002:00000d24       ??_C@_0L@NDEGIDAG@USER32?4DLL?$AA@ 10024d24     LIBCMT:crtmbox.obj
 0002:00000d30       ??_C@_13NOLLCAOD@?$AA?$AA?$AA?$AA@ 10024d30     LIBCMT:a_map.obj
 0002:00000d38       ___newctype                10024d38     LIBCMT:ctype.obj
 0002:00001038       __wctype                   10025038     LIBCMT:ctype.obj
 0002:00001240       ___newclmap                10025240     LIBCMT:ctype.obj
 0002:000013c0       ___newcumap                100253c0     LIBCMT:ctype.obj
 0002:00001540       ??_C@_08JCCMCCIL@HH?3mm?3ss?$AA@ 10025540     LIBCMT:strftime.obj
 0002:0000154c       ??_C@_0BE@CKGJFCPC@dddd?0?5MMMM?5dd?0?5yyyy?$AA@ 1002554c     LIBCMT:strftime.obj
 0002:00001560       ??_C@_08BPBNCDIB@MM?1dd?1yy?$AA@ 10025560     LIBCMT:strftime.obj
 0002:0000156c       ??_C@_02CJNFDJBF@PM?$AA@   1002556c     LIBCMT:strftime.obj
 0002:00001570       ??_C@_02DEDBPAFC@AM?$AA@   10025570     LIBCMT:strftime.obj
 0002:00001574       ??_C@_08EDHMEBNP@December?$AA@ 10025574     LIBCMT:strftime.obj
 0002:00001580       ??_C@_08HCHEGEOA@November?$AA@ 10025580     LIBCMT:strftime.obj
 0002:0000158c       ??_C@_07JJNFCEND@October?$AA@ 1002558c     LIBCMT:strftime.obj
 0002:00001594       ??_C@_09BHHEALKD@September?$AA@ 10025594     LIBCMT:strftime.obj
 0002:000015a0       ??_C@_06LBBHFDDG@August?$AA@ 100255a0     LIBCMT:strftime.obj
 0002:000015a8       ??_C@_04MIEPOIFP@July?$AA@ 100255a8     LIBCMT:strftime.obj
 0002:000015b0       ??_C@_04CNLMGBGM@June?$AA@ 100255b0     LIBCMT:strftime.obj
 0002:000015b8       ??_C@_05DMJDNLEJ@April?$AA@ 100255b8     LIBCMT:strftime.obj
 0002:000015c0       ??_C@_05HPCKOFNC@March?$AA@ 100255c0     LIBCMT:strftime.obj
 0002:000015c8       ??_C@_08GNJGEPFN@February?$AA@ 100255c8     LIBCMT:strftime.obj
 0002:000015d4       ??_C@_07CGJPFGJA@January?$AA@ 100255d4     LIBCMT:strftime.obj
 0002:000015dc       ??_C@_03MKABNOCG@Dec?$AA@  100255dc     LIBCMT:strftime.obj
 0002:000015e0       ??_C@_03JPJOFNIA@Nov?$AA@  100255e0     LIBCMT:strftime.obj
 0002:000015e4       ??_C@_03BMAOKBAD@Oct?$AA@  100255e4     LIBCMT:strftime.obj
 0002:000015e8       ??_C@_03GGCAPAJC@Sep?$AA@  100255e8     LIBCMT:strftime.obj
 0002:000015ec       ??_C@_03IFJFEIGA@Aug?$AA@  100255ec     LIBCMT:strftime.obj
 0002:000015f0       ??_C@_03LBGABGKK@Jul?$AA@  100255f0     LIBCMT:strftime.obj
 0002:000015f4       ??_C@_03IDFGHECI@Jun?$AA@  100255f4     LIBCMT:strftime.obj
 0002:000015f8       ??_C@_03CNMDKL@May?$AA@    100255f8     LIBCMT:strftime.obj
 0002:000015fc       ??_C@_03LEOLGMJP@Apr?$AA@  100255fc     LIBCMT:strftime.obj
 0002:00001600       ??_C@_03ODNJBKGA@Mar?$AA@  10025600     LIBCMT:strftime.obj
 0002:00001604       ??_C@_03HJBDCHOM@Feb?$AA@  10025604     LIBCMT:strftime.obj
 0002:00001608       ??_C@_03JIHJHPIE@Jan?$AA@  10025608     LIBCMT:strftime.obj
 0002:0000160c       ??_C@_08INBOOONO@Saturday?$AA@ 1002560c     LIBCMT:strftime.obj
 0002:00001618       ??_C@_06JECMNKMI@Friday?$AA@ 10025618     LIBCMT:strftime.obj
 0002:00001620       ??_C@_08HACCIKIA@Thursday?$AA@ 10025620     LIBCMT:strftime.obj
 0002:0000162c       ??_C@_09DLIGFAKA@Wednesday?$AA@ 1002562c     LIBCMT:strftime.obj
 0002:00001638       ??_C@_07BAAGCFCM@Tuesday?$AA@ 10025638     LIBCMT:strftime.obj
 0002:00001640       ??_C@_06JLEDEDGH@Monday?$AA@ 10025640     LIBCMT:strftime.obj
 0002:00001648       ??_C@_06OOPIFAJ@Sunday?$AA@ 10025648     LIBCMT:strftime.obj
 0002:00001650       ??_C@_03FEFJNEK@Sat?$AA@   10025650     LIBCMT:strftime.obj
 0002:00001654       ??_C@_03IDIOELNC@Fri?$AA@  10025654     LIBCMT:strftime.obj
 0002:00001658       ??_C@_03IOFIKPDN@Thu?$AA@  10025658     LIBCMT:strftime.obj
 0002:0000165c       ??_C@_03MHOMLAJA@Wed?$AA@  1002565c     LIBCMT:strftime.obj
 0002:00001660       ??_C@_03NAGEINEP@Tue?$AA@  10025660     LIBCMT:strftime.obj
 0002:00001664       ??_C@_03PDAGKDH@Mon?$AA@   10025664     LIBCMT:strftime.obj
 0002:00001668       ??_C@_03KOEHGMDN@Sun?$AA@  10025668     LIBCMT:strftime.obj
 0002:00001674       ??_C@_07GPDNMNG@CONOUT$?$AA@ 10025674     LIBCMT:initcon.obj
 0002:0000167c       ___dnames                  1002567c     LIBCMT:timeset.obj
 0002:00001694       ___mnames                  10025694     LIBCMT:timeset.obj
 0002:000016c0       ___lookuptable_s           100256c0     LIBCMT:outputs.obj
 0002:0000171c       ??_C@_05IAIEPMAK@1?42?48?$AA@ 1002571c     compress.obj
 0002:00001728       _z_errmsg                  10025728     zutil.obj
 0002:00001750       _zip_copyright             10025750     zip.obj
 0002:000017a0       _unz_copyright             100257a0     unzip.obj
 0002:00001e40       __dist_code                10025e40     trees.obj
 0002:00002040       __length_code              10026040     trees.obj
 0002:00002230       _inflate_copyright         10026230     inftrees.obj
 0002:000034b0       _deflate_copyright         100274b0     deflate.obj
 0002:00005578       ??_C@_02DKCKIIND@?$CFs?$AA@ 10029578     gzlib.obj
 0002:0000557c       ??_C@_07EBNKNFJN@?$DMfd?3?$CFd?$DO?$AA@ 1002957c     gzlib.obj
 0002:00005584       ??_C@_0O@BNNCBLEN@out?5of?5memory?$AA@ 10029584     gzlib.obj
 0002:00005592       ??_C@_00CNPNBAHC@?$AA@     10029592     gzlib.obj
 0002:00005594       ??_C@_02LMMGGCAJ@?3?5?$AA@ 10029594     gzlib.obj
 0002:00005598       ??_C@_06DIJPEION@?$CFs?$CFs?$CFs?$AA@ 10029598     gzlib.obj
 0002:000055a0       ??_C@_0BH@CFIIDOJD@unexpected?5end?5of?5file?$AA@ 100295a0     gzread.obj
 0002:000055b8       ??_C@_0CH@CPOLIEKA@internal?5error?3?5inflate?5stream?5c@ 100295b8     gzread.obj
 0002:000055e0       ??_C@_0BG@HCKBMIHF@compressed?5data?5error?$AA@ 100295e0     gzread.obj
 0002:000055f8       ??_C@_0CF@MLPJFDMM@requested?5length?5does?5not?5fit?5in@ 100295f8     gzread.obj
 0002:00005620       ??_C@_0BP@IIKIGMCC@out?5of?5room?5to?5push?5characters?$AA@ 10029620     gzread.obj
 0002:00005640       ??_C@_0CH@DEEGAHIB@internal?5error?3?5deflate?5stream?5c@ 10029640     gzwrite.obj
 0002:00005668       ??_C@_0BD@PJCBIDD@invalid?5block?5type?$AA@ 10029668     infback.obj
 0002:0000567c       ??_C@_0BN@LGAADGOK@invalid?5stored?5block?5lengths?$AA@ 1002967c     infback.obj
 0002:0000569c       ??_C@_0CE@GMIGFPBB@too?5many?5length?5or?5distance?5symb@ 1002969c     infback.obj
 0002:000056c0       ??_C@_0BJ@HDEPPGOH@invalid?5code?5lengths?5set?$AA@ 100296c0     infback.obj
 0002:000056dc       ??_C@_0BK@BMMPFBBH@invalid?5bit?5length?5repeat?$AA@ 100296dc     infback.obj
 0002:000056f8       ??_C@_0CF@DGDMADCD@invalid?5code?5?9?9?5missing?5end?9of?9b@ 100296f8     infback.obj
 0002:00005720       ??_C@_0BM@IIMGAINC@invalid?5literal?1lengths?5set?$AA@ 10029720     infback.obj
 0002:0000573c       ??_C@_0BG@GMDFCBGP@invalid?5distances?5set?$AA@ 1002973c     infback.obj
 0002:00005754       ??_C@_0BM@FFFLPBBC@invalid?5literal?1length?5code?$AA@ 10029754     infback.obj
 0002:00005770       ??_C@_0BG@LBKINIKP@invalid?5distance?5code?$AA@ 10029770     infback.obj
 0002:00005788       ??_C@_0BO@ECPMAOGG@invalid?5distance?5too?5far?5back?$AA@ 10029788     infback.obj
 0002:000057a8       ??_C@_0BH@LIBMMIGA@incorrect?5header?5check?$AA@ 100297a8     inflate.obj
 0002:000057c0       ??_C@_0BL@IHKGDAEE@unknown?5compression?5method?$AA@ 100297c0     inflate.obj
 0002:000057dc       ??_C@_0BE@EMOGCLGO@invalid?5window?5size?$AA@ 100297dc     inflate.obj
 0002:000057f0       ??_C@_0BJ@BLBBCOMO@unknown?5header?5flags?5set?$AA@ 100297f0     inflate.obj
 0002:0000580c       ??_C@_0BE@GONKLEPM@header?5crc?5mismatch?$AA@ 1002980c     inflate.obj
 0002:00005820       ??_C@_0BF@MEIGEHBE@incorrect?5data?5check?$AA@ 10029820     inflate.obj
 0002:00005838       ??_C@_0BH@FGKKJGOC@incorrect?5length?5check?$AA@ 10029838     inflate.obj
 0002:00005850       ??_C@_02JDPG@rb?$AA@       10029850     ioapi.obj
 0002:00005854       ??_C@_03HMFOOINA@r?$CLb?$AA@ 10029854     ioapi.obj
 0002:00005858       ??_C@_02GMLFBBN@wb?$AA@    10029858     ioapi.obj
 0002:0000585c       ??_C@_01JOAMLHOP@?9?$AA@   1002985c     zip.obj
 0002:00005860       ??_C@_0BF@CJFPCCEG@incompatible?5version?$AA@ 10029860     zutil.obj
 0002:00005878       ??_C@_0N@DFPGLBGC@buffer?5error?$AA@ 10029878     zutil.obj
 0002:00005888       ??_C@_0BE@OGGJBMCE@insufficient?5memory?$AA@ 10029888     zutil.obj
 0002:0000589c       ??_C@_0L@HAHMBNLP@data?5error?$AA@ 1002989c     zutil.obj
 0002:000058a8       ??_C@_0N@MKKNPMJD@stream?5error?$AA@ 100298a8     zutil.obj
 0002:000058b8       ??_C@_0L@KIJFAKBJ@file?5error?$AA@ 100298b8     zutil.obj
 0002:000058c4       ??_C@_0L@FNAOCBOG@stream?5end?$AA@ 100298c4     zutil.obj
 0002:000058d0       ??_C@_0BA@MOKMMFOD@need?5dictionary?$AA@ 100298d0     zutil.obj
 0002:000058e0       ___rtc_iaa                 100298e0     LIBCMT:_initsect_.obj
 0002:000058e4       ___rtc_izz                 100298e4     LIBCMT:_initsect_.obj
 0002:000058e8       ___rtc_taa                 100298e8     LIBCMT:_initsect_.obj
 0002:000058ec       ___rtc_tzz                 100298ec     LIBCMT:_initsect_.obj
 0002:00005dec       __IMPORT_DESCRIPTOR_KERNEL32 10029dec     kernel32:KERNEL32.dll
 0002:00005e00       __NULL_IMPORT_DESCRIPTOR   10029e00     kernel32:KERNEL32.dll
 0003:00000180       ___badioinfo               1002c180     LIBCMT:ioinit.obj
 0003:000001c0       __lookuptrailbytes         1002c1c0     LIBCMT:read.obj
 0003:000002c0       __aexit_rtn                1002c2c0     LIBCMT:crt0dat.obj
 0003:000002c4       __amblksiz                 1002c2c4     LIBCMT:heapinit.obj
 0003:000004a0       ___nullstring              1002c4a0     LIBCMT:output.obj
 0003:000004a4       ___wnullstring             1002c4a4     LIBCMT:output.obj
 0003:000004a8       ___initialmbcinfo          1002c4a8     LIBCMT:mbctype.obj
 0003:000006c8       __mbctype                  1002c6c8     LIBCMT:mbctype.obj
 0003:000007d0       __mbcasemap                1002c7d0     LIBCMT:mbctype.obj
 0003:000008d0       ___ptmbcinfo               1002c8d0     LIBCMT:mbctype.obj
 0003:000009cc       ___globallocalestatus      1002c9cc     LIBCMT:glstatus.obj
 0003:000009d0       ___clocalestr              1002c9d0     LIBCMT:nlsdata2.obj
 0003:000009d8       ___initiallocinfo          1002c9d8     LIBCMT:nlsdata2.obj
 0003:00000ab0       ___ptlocinfo               1002cab0     LIBCMT:nlsdata2.obj
 0003:00000ab4       ___lc_clike                1002cab4     LIBCMT:nlsdata2.obj
 0003:00000ab8       ___initiallocalestructinfo 1002cab8     LIBCMT:nlsdata2.obj
 0003:00000ac0       ___flsindex                1002cac0     LIBCMT:tidtable.obj
 0003:00000ac4       ___getvalueindex           1002cac4     LIBCMT:tidtable.obj
 0003:00000ac8       ___security_cookie         1002cac8     LIBCMT:gs_cookie.obj
 0003:00000acc       ___security_cookie_complement 1002cacc     LIBCMT:gs_cookie.obj
 0003:00000ad0       __sys_errlist              1002cad0     LIBCMT:syserr.obj
 0003:00000b80       __sys_nerr                 1002cb80     LIBCMT:syserr.obj
 0003:00000b90       __iob                      1002cb90     LIBCMT:_file.obj
 0003:00000e10       __First_FPE_Indx           1002ce10     LIBCMT:winxfltr.obj
 0003:00000e14       __Num_FPE                  1002ce14     LIBCMT:winxfltr.obj
 0003:00000e18       __XcptActTabSize           1002ce18     LIBCMT:winxfltr.obj
 0003:00000e1c       __XcptActTabCount          1002ce1c     LIBCMT:winxfltr.obj
 0003:00000e24       __cfltcvt_tab              1002ce24     LIBCMT:cmiscdat.obj
 0003:00000e50       __pctype                   1002ce50     LIBCMT:ctype.obj
 0003:00000e54       __pwctype                  1002ce54     LIBCMT:ctype.obj
 0003:00000e58       ___lc_time_c               1002ce58     LIBCMT:strftime.obj
 0003:00000f10       ___lc_time_curr            1002cf10     LIBCMT:strftime.obj
 0003:00000f14       ___lconv_static_decimal    1002cf14     LIBCMT:lconv.obj
 0003:00000f18       ___lconv_c                 1002cf18     LIBCMT:lconv.obj
 0003:00000f48       ___lconv                   1002cf48     LIBCMT:lconv.obj
 0003:00000f4c       ___mb_cur_max              1002cf4c     LIBCMT:nlsdata1.obj
 0003:00000f50       ___decimal_point           1002cf50     LIBCMT:nlsdata1.obj
 0003:00000f54       ___decimal_point_length    1002cf54     LIBCMT:nlsdata1.obj
 0003:00000f60       __NLG_Destination          1002cf60     LIBCMT:exsup.obj
 0003:00000f70       __coninpfh                 1002cf70     LIBCMT:initcon.obj
 0003:00000f74       __confh                    1002cf74     LIBCMT:initcon.obj
 0003:00000f78       ___abort_behavior          1002cf78     LIBCMT:abort.obj
 0003:00000f80       __timezone                 1002cf80     LIBCMT:timeset.obj
 0003:00000f84       __daylight                 1002cf84     LIBCMT:timeset.obj
 0003:00000f88       __dstbias                  1002cf88     LIBCMT:timeset.obj
 0003:00001010       __tzname                   1002d010     LIBCMT:timeset.obj
 0003:00001030       __lpdays                   1002d030     LIBCMT:days.obj
 0003:00001064       __days                     1002d064     LIBCMT:days.obj
 0003:000010e4       __aenvptr                  1002d0e4     LIBCMT:dllcrt0.obj
 0003:000010e8       __wenvptr                  1002d0e8     LIBCMT:dllcrt0.obj
 0003:000010ec       ___error_mode              1002d0ec     LIBCMT:dllcrt0.obj
 0003:000010f0       ___app_type                1002d0f0     LIBCMT:dllcrt0.obj
 0003:000010f4       ___pInvalidArgHandler      1002d0f4     LIBCMT:invarg.obj
 0003:000010f8       __umaskval                 1002d0f8     LIBCMT:crt0dat.obj
 0003:000010fc       ___argc                    1002d0fc     LIBCMT:crt0dat.obj
 0003:00001100       ___argv                    1002d100     LIBCMT:crt0dat.obj
 0003:00001104       ___wargv                   1002d104     LIBCMT:crt0dat.obj
 0003:00001108       __environ                  1002d108     LIBCMT:crt0dat.obj
 0003:0000110c       ___initenv                 1002d10c     LIBCMT:crt0dat.obj
 0003:00001110       __wenviron                 1002d110     LIBCMT:crt0dat.obj
 0003:00001114       ___winitenv                1002d114     LIBCMT:crt0dat.obj
 0003:00001118       __pgmptr                   1002d118     LIBCMT:crt0dat.obj
 0003:0000111c       __wpgmptr                  1002d11c     LIBCMT:crt0dat.obj
 0003:00001120       __exitflag                 1002d120     LIBCMT:crt0dat.obj
 0003:00001124       __C_Termination_Done       1002d124     LIBCMT:crt0dat.obj
 0003:00001128       __C_Exit_Done              1002d128     LIBCMT:crt0dat.obj
 0003:0000112c       __crtheap                  1002d12c     LIBCMT:heapinit.obj
 0003:00001280       ___sbh_pHeaderDefer        1002d280     LIBCMT:sbheap.obj
 0003:0000159c       ?_pnhHeap@@3P6AHI@ZA       1002d59c     LIBCMT:handler.obj
 0003:000015a0       __newmode                  1002d5a0     LIBCMT:_newmode.obj
 0003:000015a8       ___mbulinfo                1002d5a8     LIBCMT:mbctype.obj
 0003:000015b4       ___mbcodepage              1002d5b4     LIBCMT:mbctype.obj
 0003:000015b8       ___ismbcodepage            1002d5b8     LIBCMT:mbctype.obj
 0003:000015bc       ___mblcid                  1002d5bc     LIBCMT:mbctype.obj
 0003:000015c0       ___locale_changed          1002d5c0     LIBCMT:setlocal.obj
 0003:000015c4       ___lc_handle               1002d5c4     LIBCMT:nlsdata2.obj
 0003:000015dc       ___lc_codepage             1002d5dc     LIBCMT:nlsdata2.obj
 0003:000015e0       ___lc_collate_cp           1002d5e0     LIBCMT:nlsdata2.obj
 0003:000015e4       _gpFlsAlloc                1002d5e4     LIBCMT:tidtable.obj
 0003:000015e8       _gpFlsGetValue             1002d5e8     LIBCMT:tidtable.obj
 0003:000015ec       _gpFlsSetValue             1002d5ec     LIBCMT:tidtable.obj
 0003:000015f0       _gpFlsFree                 1002d5f0     LIBCMT:tidtable.obj
 0003:000015f4       __maxwait                  1002d5f4     LIBCMT:crtheap.obj
 0003:000015f8       __cflush                   1002d5f8     LIBCMT:_file.obj
 0003:00001710       ?__pInconsistency@@3P6AXXZA 1002d710     LIBCMT:hooks.obj
 0003:00001734       ___pPurecall               1002d734     LIBCMT:inithelp.obj
 0003:00001738       __fmode                    1002d738     LIBCMT:txtmode.obj
 0003:0000175c       ___lconv_static_null       1002d75c     LIBCMT:lconv.obj
 0003:00001a84       __commode                  1002da84     LIBCMT:ncommode.obj
 0003:00001a88       __stdbuf                   1002da88     LIBCMT:_sftbuf.obj
 0003:00001b4c       __debugger_hook_dummy      1002db4c     <common>
 0003:00001b50       ___piob                    1002db50     <common>
 0003:00001b60       __bufin                    1002db60     <common>
 0003:00002b60       __nstream                  1002eb60     <common>
 0003:00002b64       ___sbh_cntHeaderList       1002eb64     <common>
 0003:00002b68       ___sbh_pHeaderList         1002eb68     <common>
 0003:00002b6c       ___sbh_threshold           1002eb6c     <common>
 0003:00002b70       ___sbh_pHeaderScan         1002eb70     <common>
 0003:00002b74       ___sbh_sizeHeaderList      1002eb74     <common>
 0003:00002b78       ___sbh_indGroupDefer       1002eb78     <common>
 0003:00002b7c       ___active_heap             1002eb7c     <common>
 0003:00002b80       ___env_initialized         1002eb80     <common>
 0003:00002b84       ___onexitend               1002eb84     <common>
 0003:00002b88       ___onexitbegin             1002eb88     <common>
 0003:00002b8c       ___mbctype_initialized     1002eb8c     <common>
 0003:00002b90       __FPinit                   1002eb90     <common>
 0003:00002b94       ___dyn_tls_init_callback   1002eb94     <common>
 0003:00002b98       __pDestructExceptionObject 1002eb98     <common>
 0003:00002b9c       __nhandle                  1002eb9c     <common>
 0003:00002ba0       ___pioinfo                 1002eba0     <common>
 0003:00002ca0       ___sse2_available          1002eca0     <common>
 0003:00002ca4       __acmdln                   1002eca4     <common>

 entry point at        0001:00018eb8

 Static symbols

 0001:00000490       _adler32_combine_          10001490 f    CIL library: CIL module
 0001:000008e0       _crc32_little              100018e0 f    CIL library: CIL module
 0001:00000ce0       _crc32_big                 10001ce0 f    CIL library: CIL module
 0001:00001150       _gf2_matrix_times          10002150 f    CIL library: CIL module
 0001:00001190       _gf2_matrix_square         10002190 f    CIL library: CIL module
 0001:000011e0       _crc32_combine_            100021e0 f    CIL library: CIL module
 0001:00001f40       _putShortMSB               10002f40 f    CIL library: CIL module
 0001:00001f90       _flush_pending             10002f90 f    CIL library: CIL module
 0001:000032c0       _read_buf                  100042c0 f    CIL library: CIL module
 0001:00003380       _lm_init                   10004380 f    CIL library: CIL module
 0001:00003490       _fill_window               10004490 f    CIL library: CIL module
 0001:00003880       _deflate_stored            10004880 f    CIL library: CIL module
 0001:00003b40       _deflate_fast              10004b40 f    CIL library: CIL module
 0001:00004120       _deflate_slow              10005120 f    CIL library: CIL module
 0001:00004890       _deflate_rle               10005890 f    CIL library: CIL module
 0001:00004dd0       _deflate_huff              10005dd0 f    CIL library: CIL module
 0001:000050a0       _gz_reset                  100060a0 f    CIL library: CIL module
 0001:00005110       _gz_open                   10006110 f    CIL library: CIL module
 0001:00005e30       _gz_load                   10006e30 f    CIL library: CIL module
 0001:00005ec0       _gz_avail                  10006ec0 f    CIL library: CIL module
 0001:00005fa0       _gz_look                   10006fa0 f    CIL library: CIL module
 0001:000061f0       _gz_decomp                 100071f0 f    CIL library: CIL module
 0001:00006330       _gz_fetch                  10007330 f    CIL library: CIL module
 0001:00006420       _gz_skip                   10007420 f    CIL library: CIL module
 0001:00006c90       _gz_init                   10007c90 f    CIL library: CIL module
 0001:00006df0       _gz_comp                   10007df0 f    CIL library: CIL module
 0001:00006fb0       _gz_zero                   10007fb0 f    CIL library: CIL module
 0001:00007980       _fixedtables               10008980 f    CIL library: CIL module
 0001:00009180       _fixedtables               1000a180 f    CIL library: CIL module
 0001:000091b0       _updatewindow              1000a1b0 f    CIL library: CIL module
 0001:0000b5a0       _syncsearch                1000c5a0 f    CIL library: CIL module
 0001:0000c260       _fopen64_file_func         1000d260 f    CIL library: CIL module
 0001:0000c2d0       _fread_file_func           1000d2d0 f    CIL library: CIL module
 0001:0000c300       _fwrite_file_func          1000d300 f    CIL library: CIL module
 0001:0000c330       _ftell64_file_func         1000d330 f    CIL library: CIL module
 0001:0000c360       _fseek64_file_func         1000d360 f    CIL library: CIL module
 0001:0000c3e0       _fclose_file_func          1000d3e0 f    CIL library: CIL module
 0001:0000c400       _ferror_file_func          1000d400 f    CIL library: CIL module
 0001:0000c480       _win32_translate_open_mode 1000d480 f    CIL library: CIL module
 0001:0000c510       _win32_build_iowin         1000d510 f    CIL library: CIL module
 0001:0000c730       _MySetFilePointerEx        1000d730 f    CIL library: CIL module
 0001:0000cbe0       _tr_static_init            1000dbe0 f    CIL library: CIL module
 0001:0000cc80       _init_block                1000dc80 f    CIL library: CIL module
 0001:0000cd50       _pqdownheap                1000dd50 f    CIL library: CIL module
 0001:0000cee0       _gen_bitlen                1000dee0 f    CIL library: CIL module
 0001:0000d1f0       _gen_codes                 1000e1f0 f    CIL library: CIL module
 0001:0000d2b0       _build_tree                1000e2b0 f    CIL library: CIL module
 0001:0000d650       _scan_tree                 1000e650 f    CIL library: CIL module
 0001:0000d7f0       _send_tree                 1000e7f0 f    CIL library: CIL module
 0001:0000e260       _build_bl_tree             1000f260 f    CIL library: CIL module
 0001:0000e320       _send_all_trees            1000f320 f    CIL library: CIL module
 0001:0000efa0       _compress_block            1000ffa0 f    CIL library: CIL module
 0001:0000f780       _detect_data_type          10010780 f    CIL library: CIL module
 0001:0000f840       _bi_reverse                10010840 f    CIL library: CIL module
 0001:0000f880       _bi_flush                  10010880 f    CIL library: CIL module
 0001:0000f970       _bi_windup                 10010970 f    CIL library: CIL module
 0001:0000fa30       _copy_block                10010a30 f    CIL library: CIL module
 0001:0000fc00       _unz64local_getByte        10010c00 f    CIL library: CIL module
 0001:0000fc00       _zip64local_getByte        10010c00 f    CIL library: CIL module
 0001:0000fc70       _unz64local_getShort       10010c70 f    CIL library: CIL module
 0001:0000fcf0       _unz64local_getLong        10010cf0 f    CIL library: CIL module
 0001:0000fdc0       _unz64local_getLong64      10010dc0 f    CIL library: CIL module
 0001:0000ff90       _strcmpcasenosensitive_internal 10010f90 f    CIL library: CIL module
 0001:00010080       _zip64local_SearchCentralDir 10011080 f    CIL library: CIL module
 0001:00010080       _unz64local_SearchCentralDir 10011080 f    CIL library: CIL module
 0001:000102c0       _unz64local_SearchCentralDir64 100112c0 f    CIL library: CIL module
 0001:00010620       _unzOpenInternal           10011620 f    CIL library: CIL module
 0001:00010dc0       _unz64local_DosDateToTmuDate 10011dc0 f    CIL library: CIL module
 0001:00010ea0       _unz64local_GetCurrentFileInfoInternal 10011ea0 f    CIL library: CIL module
 0001:00011b70       _unz64local_CheckCurrentFileCoherencyHeader 10012b70 f    CIL library: CIL module
 0001:00012b70       _decrypt_byte              10013b70 f    CIL library: CIL module
 0001:00012ba0       _update_keys               10013ba0 f    CIL library: CIL module
 0001:00012c30       _init_keys                 10013c30 f    CIL library: CIL module
 0001:00012c80       _crypthead                 10013c80 f    CIL library: CIL module
 0001:00012e50       _allocate_new_datablock    10013e50 f    CIL library: CIL module
 0001:00012e90       _free_datablock            10013e90 f    CIL library: CIL module
 0001:00012ec0       _init_linkedlist           10013ec0 f    CIL library: CIL module
 0001:00012ee0       _free_linkedlist           10013ee0 f    CIL library: CIL module
 0001:00012f10       _add_data_in_datablock     10013f10 f    CIL library: CIL module
 0001:00013040       _zip64local_putValue       10014040 f    CIL library: CIL module
 0001:000130f0       _zip64local_putValue_inmemory 100140f0 f    CIL library: CIL module
 0001:00013180       _zip64local_TmzDateToDosDate 10014180 f    CIL library: CIL module
 0001:00013200       _zip64local_getShort       10014200 f    CIL library: CIL module
 0001:00013280       _zip64local_getLong        10014280 f    CIL library: CIL module
 0001:00013350       _zip64local_getLong64      10014350 f    CIL library: CIL module
 0001:00013530       _zip64local_SearchCentralDir64 10014530 f    CIL library: CIL module
 0001:00014e70       _zip64FlushWriteBuffer     10015e70 f    CIL library: CIL module
 0001:000170d8       __tsopen_nolock            100180d8 f   LIBCMT:wopen.obj
 0001:00018dc2       ___DllMainCRTStartup       10019dc2 f   LIBCMT:dllcrt0.obj
 0001:00018edb       _fastcopy_I                10019edb f   LIBCMT:p4_memcpy.obj
 0001:00019045       _has_osfxsr_set            1001a045 f   LIBCMT:cpu_disp.obj
 0001:00019104       _fastzero_I                1001a104 f   LIBCMT:p4_memset.obj
 0001:0001aecc       __initterm                 1001becc f   LIBCMT:crt0dat.obj
 0001:0001af92       _doexit                    1001bf92 f   LIBCMT:crt0dat.obj
 0001:0001c2bc       _write_char                1001d2bc f   LIBCMT:output.obj
 0001:0001c2ef       _write_multi_char          1001d2ef f   LIBCMT:output.obj
 0001:0001c315       _write_string              1001d315 f   LIBCMT:output.obj
 0001:0001cfca       ?CPtoLCID@@YAHH@Z          1001dfca f   LIBCMT:mbctype.obj
 0001:0001cff9       ?setSBCS@@YAXPAUthreadmbcinfostruct@@@Z 1001dff9 f   LIBCMT:mbctype.obj
 0001:0001d05d       ?setSBUpLow@@YAXPAUthreadmbcinfostruct@@@Z 1001e05d f   LIBCMT:mbctype.obj
 0001:0001d294       ?getSystemCP@@YAHH@Z       1001e294 f   LIBCMT:mbctype.obj
 0001:0001d91e       __updatetlocinfoEx_nolock  1001e91e f   LIBCMT:setlocal.obj
 0001:0001e4d0       _flsall                    1001f4d0 f   LIBCMT:fflush.obj
 0001:0001ea44       __unwind_handler4          1001fa44 f   LIBCMT:exsup4.obj
 0001:0001ee26       _parse_cmdline             1001fe26 f   LIBCMT:stdargv.obj
 0001:0001f892       __onexit_nolock            10020892 f   LIBCMT:onexit.obj
 0001:0001fa59       _siglookup                 10020a59 f   LIBCMT:winsig.obj
 0001:000204a5       ?__crtLCMapStringA_stat@@YAHPAUlocaleinfo_struct@@KKPBDHPADHHH@Z 100214a5 f   LIBCMT:a_map.obj
 0001:0002088f       ?__crtGetStringTypeA_stat@@YAHPAUlocaleinfo_struct@@KPBDHPAGHHH@Z 1002188f f   LIBCMT:a_str.obj
 0001:0002140f       __tsopen_nolock            1002240f f   LIBCMT:open.obj
 0001:000220bc       __unwind_handler           100230bc f   LIBCMT:exsup.obj
 0001:000221d3       ?x_ismbbtype_l@@YAHPAUlocaleinfo_struct@@IHH@Z 100231d3 f   LIBCMT:ismbbyte.obj
 0001:000229af       ?strtoxl@@YAKPAUlocaleinfo_struct@@PBDPAPBDHH@Z 100239af f   LIBCMT:strtol.obj
